Archive member included to satisfy reference by file (symbol)

/home/jeong/SW4STM32_workspace/gcc-arm-none-eabi-5_4-2016q3/bin/../lib/gcc/arm-none-eabi/5.4.1/../../../../arm-none-eabi/lib/armv7e-m/fpu/libc_nano.a(lib_a-exit.o)
                              /home/jeong/SW4STM32_workspace/gcc-arm-none-eabi-5_4-2016q3/bin/../lib/gcc/arm-none-eabi/5.4.1/../../../../arm-none-eabi/lib/armv7e-m/fpu/crt0.o (exit)
/home/jeong/SW4STM32_workspace/gcc-arm-none-eabi-5_4-2016q3/bin/../lib/gcc/arm-none-eabi/5.4.1/../../../../arm-none-eabi/lib/armv7e-m/fpu/libc_nano.a(lib_a-impure.o)
                              /home/jeong/SW4STM32_workspace/gcc-arm-none-eabi-5_4-2016q3/bin/../lib/gcc/arm-none-eabi/5.4.1/../../../../arm-none-eabi/lib/armv7e-m/fpu/libc_nano.a(lib_a-exit.o) (_global_impure_ptr)
/home/jeong/SW4STM32_workspace/gcc-arm-none-eabi-5_4-2016q3/bin/../lib/gcc/arm-none-eabi/5.4.1/../../../../arm-none-eabi/lib/armv7e-m/fpu/libc_nano.a(lib_a-init.o)
                              /home/jeong/SW4STM32_workspace/gcc-arm-none-eabi-5_4-2016q3/bin/../lib/gcc/arm-none-eabi/5.4.1/../../../../arm-none-eabi/lib/armv7e-m/fpu/crt0.o (__libc_init_array)
/home/jeong/SW4STM32_workspace/gcc-arm-none-eabi-5_4-2016q3/bin/../lib/gcc/arm-none-eabi/5.4.1/../../../../arm-none-eabi/lib/armv7e-m/fpu/libc_nano.a(lib_a-memset.o)
                              /home/jeong/SW4STM32_workspace/gcc-arm-none-eabi-5_4-2016q3/bin/../lib/gcc/arm-none-eabi/5.4.1/../../../../arm-none-eabi/lib/armv7e-m/fpu/crt0.o (memset)
/home/jeong/SW4STM32_workspace/gcc-arm-none-eabi-5_4-2016q3/bin/../lib/gcc/arm-none-eabi/5.4.1/../../../../arm-none-eabi/lib/armv7e-m/fpu/libnosys.a(_exit.o)
                              /home/jeong/SW4STM32_workspace/gcc-arm-none-eabi-5_4-2016q3/bin/../lib/gcc/arm-none-eabi/5.4.1/../../../../arm-none-eabi/lib/armv7e-m/fpu/libc_nano.a(lib_a-exit.o) (_exit)
/home/jeong/SW4STM32_workspace/gcc-arm-none-eabi-5_4-2016q3/bin/../lib/gcc/arm-none-eabi/5.4.1/armv7e-m/fpu/libgcc.a(_aeabi_uldivmod.o)
                              build/stm32f4xx_hal_rcc.o (__aeabi_uldivmod)
/home/jeong/SW4STM32_workspace/gcc-arm-none-eabi-5_4-2016q3/bin/../lib/gcc/arm-none-eabi/5.4.1/armv7e-m/fpu/libgcc.a(_udivmoddi4.o)
                              /home/jeong/SW4STM32_workspace/gcc-arm-none-eabi-5_4-2016q3/bin/../lib/gcc/arm-none-eabi/5.4.1/armv7e-m/fpu/libgcc.a(_aeabi_uldivmod.o) (__udivmoddi4)
/home/jeong/SW4STM32_workspace/gcc-arm-none-eabi-5_4-2016q3/bin/../lib/gcc/arm-none-eabi/5.4.1/armv7e-m/fpu/libgcc.a(_dvmd_tls.o)
                              /home/jeong/SW4STM32_workspace/gcc-arm-none-eabi-5_4-2016q3/bin/../lib/gcc/arm-none-eabi/5.4.1/armv7e-m/fpu/libgcc.a(_aeabi_uldivmod.o) (__aeabi_ldiv0)

Allocating common symbols
Common symbol       size              file

uwTick              0x4               build/stm32f4xx_hal.o
pFlash              0x20              build/stm32f4xx_hal_flash.o

Discarded input sections

 .text          0x00000000        0x0 /home/jeong/SW4STM32_workspace/gcc-arm-none-eabi-5_4-2016q3/bin/../lib/gcc/arm-none-eabi/5.4.1/armv7e-m/fpu/crti.o
 .data          0x00000000        0x0 /home/jeong/SW4STM32_workspace/gcc-arm-none-eabi-5_4-2016q3/bin/../lib/gcc/arm-none-eabi/5.4.1/armv7e-m/fpu/crti.o
 .bss           0x00000000        0x0 /home/jeong/SW4STM32_workspace/gcc-arm-none-eabi-5_4-2016q3/bin/../lib/gcc/arm-none-eabi/5.4.1/armv7e-m/fpu/crti.o
 .data          0x00000000        0x4 /home/jeong/SW4STM32_workspace/gcc-arm-none-eabi-5_4-2016q3/bin/../lib/gcc/arm-none-eabi/5.4.1/armv7e-m/fpu/crtbegin.o
 .text          0x00000000       0x74 /home/jeong/SW4STM32_workspace/gcc-arm-none-eabi-5_4-2016q3/bin/../lib/gcc/arm-none-eabi/5.4.1/../../../../arm-none-eabi/lib/armv7e-m/fpu/crt0.o
 .data          0x00000000        0x0 /home/jeong/SW4STM32_workspace/gcc-arm-none-eabi-5_4-2016q3/bin/../lib/gcc/arm-none-eabi/5.4.1/../../../../arm-none-eabi/lib/armv7e-m/fpu/crt0.o
 .bss           0x00000000        0x0 /home/jeong/SW4STM32_workspace/gcc-arm-none-eabi-5_4-2016q3/bin/../lib/gcc/arm-none-eabi/5.4.1/../../../../arm-none-eabi/lib/armv7e-m/fpu/crt0.o
 .ARM.extab     0x00000000        0x0 /home/jeong/SW4STM32_workspace/gcc-arm-none-eabi-5_4-2016q3/bin/../lib/gcc/arm-none-eabi/5.4.1/../../../../arm-none-eabi/lib/armv7e-m/fpu/crt0.o
 .ARM.exidx     0x00000000        0x8 /home/jeong/SW4STM32_workspace/gcc-arm-none-eabi-5_4-2016q3/bin/../lib/gcc/arm-none-eabi/5.4.1/../../../../arm-none-eabi/lib/armv7e-m/fpu/crt0.o
 .ARM.attributes
                0x00000000       0x20 /home/jeong/SW4STM32_workspace/gcc-arm-none-eabi-5_4-2016q3/bin/../lib/gcc/arm-none-eabi/5.4.1/../../../../arm-none-eabi/lib/armv7e-m/fpu/crt0.o
 .group         0x00000000        0x8 build/stm32f4xx_hal_tim.o
 .group         0x00000000        0x8 build/stm32f4xx_hal_tim.o
 .group         0x00000000        0x8 build/stm32f4xx_hal_tim.o
 .group         0x00000000        0x8 build/stm32f4xx_hal_tim.o
 .group         0x00000000        0x8 build/stm32f4xx_hal_tim.o
[...]
Memory Configuration

Name             Origin             Length             Attributes
RAM              0x20000000         0x00020000         xrw
CCMRAM           0x10000000         0x00010000         rw
FLASH            0x08000000         0x00100000         xr
*default*        0x00000000         0xffffffff

Linker script and memory map

LOAD /home/jeong/SW4STM32_workspace/gcc-arm-none-eabi-5_4-2016q3/bin/../lib/gcc/arm-none-eabi/5.4.1/armv7e-m/fpu/crti.o
LOAD /home/jeong/SW4STM32_workspace/gcc-arm-none-eabi-5_4-2016q3/bin/../lib/gcc/arm-none-eabi/5.4.1/armv7e-m/fpu/crtbegin.o
LOAD /home/jeong/SW4STM32_workspace/gcc-arm-none-eabi-5_4-2016q3/bin/../lib/gcc/arm-none-eabi/5.4.1/../../../../arm-none-eabi/lib/armv7e-m/fpu/crt0.o
LOAD build/stm32f4xx_hal_tim.o
LOAD build/stm32f4xx_hal_rcc_ex.o
LOAD build/main.o
LOAD build/stm32f4xx_hal_msp.o
LOAD build/stm32f4xx_hal_rcc.o
LOAD build/stm32f4xx_hal_pwr.o
LOAD build/stm32f4xx_hal_dma_ex.o
LOAD build/stm32f4xx_hal_cortex.o
LOAD build/stm32f4xx_hal_dma.o
LOAD build/stm32f4xx_hal.o
LOAD build/stm32f4xx_hal_pwr_ex.o
LOAD build/stm32f4xx_it.o
LOAD build/system_stm32f4xx.o
LOAD build/stm32f4xx_hal_flash_ex.o
LOAD build/stm32f4xx_hal_flash_ramfunc.o
LOAD build/stm32f4xx_hal_tim_ex.o
LOAD build/stm32f4xx_hal_gpio.o
LOAD build/stm32f4xx_hal_flash.o
LOAD build/startup_stm32f407xx.o
LOAD /home/jeong/SW4STM32_workspace/gcc-arm-none-eabi-5_4-2016q3/bin/../lib/gcc/arm-none-eabi/5.4.1/../../../../arm-none-eabi/lib/armv7e-m/fpu/libc_nano.a
LOAD /home/jeong/SW4STM32_workspace/gcc-arm-none-eabi-5_4-2016q3/bin/../lib/gcc/arm-none-eabi/5.4.1/../../../../arm-none-eabi/lib/armv7e-m/fpu/libm.a
LOAD /home/jeong/SW4STM32_workspace/gcc-arm-none-eabi-5_4-2016q3/bin/../lib/gcc/arm-none-eabi/5.4.1/../../../../arm-none-eabi/lib/armv7e-m/fpu/libnosys.a
START GROUP
LOAD /home/jeong/SW4STM32_workspace/gcc-arm-none-eabi-5_4-2016q3/bin/../lib/gcc/arm-none-eabi/5.4.1/armv7e-m/fpu/libgcc.a
LOAD /home/jeong/SW4STM32_workspace/gcc-arm-none-eabi-5_4-2016q3/bin/../lib/gcc/arm-none-eabi/5.4.1/../../../../arm-none-eabi/lib/armv7e-m/fpu/libc_nano.a
END GROUP
START GROUP
LOAD /home/jeong/SW4STM32_workspace/gcc-arm-none-eabi-5_4-2016q3/bin/../lib/gcc/arm-none-eabi/5.4.1/armv7e-m/fpu/libgcc.a
LOAD /home/jeong/SW4STM32_workspace/gcc-arm-none-eabi-5_4-2016q3/bin/../lib/gcc/arm-none-eabi/5.4.1/../../../../arm-none-eabi/lib/armv7e-m/fpu/libc_nano.a
END GROUP
LOAD /home/jeong/SW4STM32_workspace/gcc-arm-none-eabi-5_4-2016q3/bin/../lib/gcc/arm-none-eabi/5.4.1/armv7e-m/fpu/crtend.o
LOAD /home/jeong/SW4STM32_workspace/gcc-arm-none-eabi-5_4-2016q3/bin/../lib/gcc/arm-none-eabi/5.4.1/armv7e-m/fpu/crtn.o
                0x20020000                _estack = 0x20020000
                0x00000200                _Min_Heap_Size = 0x200
                0x00000400                _Min_Stack_Size = 0x400

.isr_vector     0x08000000      0x188
                0x08000000                . = ALIGN (0x4)
 *(.isr_vector)
 .isr_vector    0x08000000      0x188 build/startup_stm32f407xx.o
                0x08000000                g_pfnVectors
                0x08000188                . = ALIGN (0x4)

.text           0x08000188     0x10c4
                0x08000188                . = ALIGN (0x4)
 *(.text)
 .text          0x08000188       0x5c /home/jeong/SW4STM32_workspace/gcc-arm-none-eabi-5_4-2016q3/bin/../lib/gcc/arm-none-eabi/5.4.1/armv7e-m/fpu/crtbegin.o
 .text          0x080001e4       0x30 /home/jeong/SW4STM32_workspace/gcc-arm-none-eabi-5_4-2016q3/bin/../lib/gcc/arm-none-eabi/5.4.1/armv7e-m/fpu/libgcc.a(_aeabi_uldivmod.o)
                0x080001e4                __aeabi_uldivmod
 .text          0x08000214      0x2e4 /home/jeong/SW4STM32_workspace/gcc-arm-none-eabi-5_4-2016q3/bin/../lib/gcc/arm-none-eabi/5.4.1/armv7e-m/fpu/libgcc.a(_udivmoddi4.o)
                0x08000214                __udivmoddi4
 .text          0x080004f8        0x4 /home/jeong/SW4STM32_workspace/gcc-arm-none-eabi-5_4-2016q3/bin/../lib/gcc/arm-none-eabi/5.4.1/armv7e-m/fpu/libgcc.a(_dvmd_tls.o)
                0x080004f8                __aeabi_ldiv0
                0x080004f8                __aeabi_idiv0
 *(.text*)
 .text.MX_GPIO_Init
                0x080004fc      0x208 build/main.o
 .text._Error_Handler
                0x08000704        0x4 build/main.o
                0x08000704                _Error_Handler
 .text.SystemClock_Config
                0x08000708       0xc4 build/main.o
                0x08000708                SystemClock_Config
 .text.main     0x080007cc       0x10 build/main.o
                0x080007cc                main
 .text.HAL_MspInit
                0x080007dc       0x60 build/stm32f4xx_hal_msp.o
                0x080007dc                HAL_MspInit
 .text.HAL_RCC_OscConfig
                0x0800083c      0x3a0 build/stm32f4xx_hal_rcc.o
                0x0800083c                HAL_RCC_OscConfig
 .text.HAL_RCC_GetSysClockFreq
                0x08000bdc       0xcc build/stm32f4xx_hal_rcc.o
                0x08000bdc                HAL_RCC_GetSysClockFreq
 .text.HAL_RCC_ClockConfig
                0x08000ca8      0x160 build/stm32f4xx_hal_rcc.o
                0x08000ca8                HAL_RCC_ClockConfig
 .text.HAL_RCC_GetHCLKFreq
                0x08000e08        0xc build/stm32f4xx_hal_rcc.o
                0x08000e08                HAL_RCC_GetHCLKFreq
 .text.HAL_NVIC_SetPriorityGrouping
                0x08000e14       0x24 build/stm32f4xx_hal_cortex.o
                0x08000e14                HAL_NVIC_SetPriorityGrouping
 .text.HAL_NVIC_SetPriority
                0x08000e38       0x64 build/stm32f4xx_hal_cortex.o
                0x08000e38                HAL_NVIC_SetPriority
 .text.HAL_SYSTICK_Config
                0x08000e9c       0x2c build/stm32f4xx_hal_cortex.o
                0x08000e9c                HAL_SYSTICK_Config
 .text.HAL_SYSTICK_CLKSourceConfig
                0x08000ec8       0x20 build/stm32f4xx_hal_cortex.o
                0x08000ec8                HAL_SYSTICK_CLKSourceConfig
 .text.HAL_SYSTICK_Callback
                0x08000ee8        0x4 build/stm32f4xx_hal_cortex.o
                0x08000ee8                HAL_SYSTICK_Callback
 .text.HAL_SYSTICK_IRQHandler
                0x08000eec        0x8 build/stm32f4xx_hal_cortex.o
                0x08000eec                HAL_SYSTICK_IRQHandler
 .text.HAL_InitTick
                0x08000ef4       0x2c build/stm32f4xx_hal.o
                0x08000ef4                HAL_InitTick
 .text.HAL_Init
                0x08000f20       0x34 build/stm32f4xx_hal.o
                0x08000f20                HAL_Init
 .text.HAL_IncTick
                0x08000f54       0x10 build/stm32f4xx_hal.o
                0x08000f54                HAL_IncTick
 .text.HAL_GetTick
                0x08000f64        0xc build/stm32f4xx_hal.o
                0x08000f64                HAL_GetTick
 .text.SysTick_Handler
                0x08000f70        0xc build/stm32f4xx_it.o
                0x08000f70                SysTick_Handler
 .text.SystemInit
                0x08000f7c       0x4c build/system_stm32f4xx.o
                0x08000f7c                SystemInit
 .text.HAL_GPIO_Init
                0x08000fc8      0x1c0 build/stm32f4xx_hal_gpio.o
                0x08000fc8                HAL_GPIO_Init
 .text.HAL_GPIO_WritePin
                0x08001188        0xc build/stm32f4xx_hal_gpio.o
                0x08001188                HAL_GPIO_WritePin
 .text.Reset_Handler
                0x08001194       0x50 build/startup_stm32f407xx.o
                0x08001194                Reset_Handler
 .text.Default_Handler
                0x080011e4        0x2 build/startup_stm32f407xx.o
                0x080011e4                RTC_Alarm_IRQHandler
                0x080011e4                HASH_RNG_IRQHandler
                0x080011e4                EXTI2_IRQHandler
                0x080011e4                TIM8_CC_IRQHandler
                0x080011e4                DebugMon_Handler
                0x080011e4                TIM1_CC_IRQHandler
                0x080011e4                DMA2_Stream5_IRQHandler
                0x080011e4                HardFault_Handler
                0x080011e4                DMA1_Stream5_IRQHandler
                0x080011e4                PVD_IRQHandler
                0x080011e4                SDIO_IRQHandler
                0x080011e4                TAMP_STAMP_IRQHandler
                0x080011e4                PendSV_Handler
                0x080011e4                NMI_Handler
                0x080011e4                CAN2_RX1_IRQHandler
                0x080011e4                EXTI3_IRQHandler
                0x080011e4                TIM8_TRG_COM_TIM14_IRQHandler
                0x080011e4                TIM1_UP_TIM10_IRQHandler
                0x080011e4                TIM8_UP_TIM13_IRQHandler
                0x080011e4                I2C3_ER_IRQHandler
                0x080011e4                EXTI0_IRQHandler
                0x080011e4                I2C2_EV_IRQHandler
                0x080011e4                DMA1_Stream2_IRQHandler
                0x080011e4                CAN1_RX0_IRQHandler
                0x080011e4                FPU_IRQHandler
                0x080011e4                OTG_HS_WKUP_IRQHandler
                0x080011e4                UsageFault_Handler
                0x080011e4                CAN2_SCE_IRQHandler
                0x080011e4                DMA2_Stream2_IRQHandler
                0x080011e4                SPI1_IRQHandler
                0x080011e4                TIM6_DAC_IRQHandler
                0x080011e4                TIM1_BRK_TIM9_IRQHandler
                0x080011e4                DCMI_IRQHandler
                0x080011e4                CAN2_RX0_IRQHandler
                0x080011e4                DMA2_Stream3_IRQHandler
                0x080011e4                USART6_IRQHandler
                0x080011e4                USART3_IRQHandler
                0x080011e4                CAN1_RX1_IRQHandler
                0x080011e4                UART5_IRQHandler
                0x080011e4                DMA2_Stream0_IRQHandler
                0x080011e4                TIM4_IRQHandler
                0x080011e4                I2C1_EV_IRQHandler
                0x080011e4                DMA1_Stream6_IRQHandler
                0x080011e4                DMA1_Stream1_IRQHandler
                0x080011e4                UART4_IRQHandler
                0x080011e4                TIM3_IRQHandler
                0x080011e4                RCC_IRQHandler
                0x080011e4                TIM8_BRK_TIM12_IRQHandler
                0x080011e4                Default_Handler
                0x080011e4                EXTI15_10_IRQHandler
                0x080011e4                ADC_IRQHandler
                0x080011e4                DMA1_Stream7_IRQHandler
                0x080011e4                TIM7_IRQHandler
                0x080011e4                CAN2_TX_IRQHandler
                0x080011e4                TIM5_IRQHandler
                0x080011e4                DMA2_Stream7_IRQHandler
                0x080011e4                I2C3_EV_IRQHandler
                0x080011e4                EXTI9_5_IRQHandler
                0x080011e4                RTC_WKUP_IRQHandler
                0x080011e4                ETH_WKUP_IRQHandler
                0x080011e4                SPI2_IRQHandler
                0x080011e4                OTG_HS_EP1_IN_IRQHandler
                0x080011e4                MemManage_Handler
                0x080011e4                DMA1_Stream0_IRQHandler
                0x080011e4                CAN1_TX_IRQHandler
                0x080011e4                SVC_Handler
                0x080011e4                EXTI4_IRQHandler
                0x080011e4                FSMC_IRQHandler
                0x080011e4                ETH_IRQHandler
                0x080011e4                OTG_HS_EP1_OUT_IRQHandler
                0x080011e4                WWDG_IRQHandler
                0x080011e4                TIM2_IRQHandler
                0x080011e4                OTG_FS_WKUP_IRQHandler
                0x080011e4                TIM1_TRG_COM_TIM11_IRQHandler
                0x080011e4                OTG_HS_IRQHandler
                0x080011e4                EXTI1_IRQHandler
                0x080011e4                USART2_IRQHandler
                0x080011e4                I2C2_ER_IRQHandler
                0x080011e4                DMA2_Stream1_IRQHandler
                0x080011e4                CAN1_SCE_IRQHandler
                0x080011e4                FLASH_IRQHandler
                0x080011e4                DMA2_Stream4_IRQHandler
                0x080011e4                BusFault_Handler
                0x080011e4                USART1_IRQHandler
                0x080011e4                OTG_FS_IRQHandler
                0x080011e4                SPI3_IRQHandler
                0x080011e4                DMA1_Stream4_IRQHandler
                0x080011e4                I2C1_ER_IRQHandler
                0x080011e4                DMA2_Stream6_IRQHandler
                0x080011e4                DMA1_Stream3_IRQHandler
 *fill*         0x080011e6        0x2 
 .text.__libc_init_array
                0x080011e8       0x4c /home/jeong/SW4STM32_workspace/gcc-arm-none-eabi-5_4-2016q3/bin/../lib/gcc/arm-none-eabi/5.4.1/../../../../arm-none-eabi/lib/armv7e-m/fpu/libc_nano.a(lib_a-init.o)
                0x080011e8                __libc_init_array
 *(.glue_7)
 .glue_7        0x08001234        0x0 linker stubs
 *(.glue_7t)
 .glue_7t       0x08001234        0x0 linker stubs
 *(.eh_frame)
 .eh_frame      0x08001234        0x0 /home/jeong/SW4STM32_workspace/gcc-arm-none-eabi-5_4-2016q3/bin/../lib/gcc/arm-none-eabi/5.4.1/armv7e-m/fpu/crtbegin.o
 *(.init)
 .init          0x08001234        0x4 /home/jeong/SW4STM32_workspace/gcc-arm-none-eabi-5_4-2016q3/bin/../lib/gcc/arm-none-eabi/5.4.1/armv7e-m/fpu/crti.o
                0x08001234                _init
 .init          0x08001238        0x8 /home/jeong/SW4STM32_workspace/gcc-arm-none-eabi-5_4-2016q3/bin/../lib/gcc/arm-none-eabi/5.4.1/armv7e-m/fpu/crtn.o
 *(.fini)
 .fini          0x08001240        0x4 /home/jeong/SW4STM32_workspace/gcc-arm-none-eabi-5_4-2016q3/bin/../lib/gcc/arm-none-eabi/5.4.1/armv7e-m/fpu/crti.o
                0x08001240                _fini
 .fini          0x08001244        0x8 /home/jeong/SW4STM32_workspace/gcc-arm-none-eabi-5_4-2016q3/bin/../lib/gcc/arm-none-eabi/5.4.1/armv7e-m/fpu/crtn.o
                0x0800124c                . = ALIGN (0x4)
                0x0800124c                _etext = .

.vfp11_veneer   0x0800124c        0x0
 .vfp11_veneer  0x0800124c        0x0 linker stubs

.v4_bx          0x0800124c        0x0
 .v4_bx         0x0800124c        0x0 linker stubs

.iplt           0x0800124c        0x0
 .iplt          0x0800124c        0x0 /home/jeong/SW4STM32_workspace/gcc-arm-none-eabi-5_4-2016q3/bin/../lib/gcc/arm-none-eabi/5.4.1/armv7e-m/fpu/crtbegin.o

.rodata         0x0800124c       0x1c
                0x0800124c                . = ALIGN (0x4)
 *(.rodata)
 *(.rodata*)
 .rodata.str1.4
                0x0800124c        0xc build/main.o
                                  0xb (size before relaxing)
 .rodata.AHBPrescTable
                0x08001258       0x10 build/system_stm32f4xx.o
                0x08001258                AHBPrescTable
                0x08001268                . = ALIGN (0x4)

.ARM.extab
 *(.ARM.extab* .gnu.linkonce.armextab.*)

.ARM            0x08001268        0x8
                0x08001268                __exidx_start = .
 *(.ARM.exidx*)
 .ARM.exidx     0x08001268        0x8 /home/jeong/SW4STM32_workspace/gcc-arm-none-eabi-5_4-2016q3/bin/../lib/gcc/arm-none-eabi/5.4.1/armv7e-m/fpu/libgcc.a(_udivmoddi4.o)
                0x08001270                __exidx_end = .

.rel.dyn        0x08001270        0x0
 .rel.iplt      0x08001270        0x0 /home/jeong/SW4STM32_workspace/gcc-arm-none-eabi-5_4-2016q3/bin/../lib/gcc/arm-none-eabi/5.4.1/armv7e-m/fpu/crtbegin.o

.preinit_array  0x08001270        0x0
                0x08001270                PROVIDE (__preinit_array_start, .)
 *(.preinit_array*)
                0x08001270                PROVIDE (__preinit_array_end, .)

.init_array     0x08001270        0x4
                0x08001270                PROVIDE (__init_array_start, .)
 *(SORT(.init_array.*))
 *(.init_array*)
 .init_array    0x08001270        0x4 /home/jeong/SW4STM32_workspace/gcc-arm-none-eabi-5_4-2016q3/bin/../lib/gcc/arm-none-eabi/5.4.1/armv7e-m/fpu/crtbegin.o
                0x08001274                PROVIDE (__init_array_end, .)

.fini_array     0x08001274        0x4
                [!provide]                PROVIDE (__fini_array_start, .)
 *(SORT(.fini_array.*))
 *(.fini_array*)
 .fini_array    0x08001274        0x4 /home/jeong/SW4STM32_workspace/gcc-arm-none-eabi-5_4-2016q3/bin/../lib/gcc/arm-none-eabi/5.4.1/armv7e-m/fpu/crtbegin.o
                [!provide]                PROVIDE (__fini_array_end, .)
                0x08001278                _sidata = LOADADDR (.data)

.data           0x20000000        0x4 load address 0x08001278
                0x20000000                . = ALIGN (0x4)
                0x20000000                _sdata = .
 *(.data)
 *(.data*)
 .data.SystemCoreClock
                0x20000000        0x4 build/system_stm32f4xx.o
                0x20000000                SystemCoreClock
                0x20000004                . = ALIGN (0x4)
                0x20000004                _edata = .
                0x0800127c                _siccmram = LOADADDR (.ccmram)

.jcr            0x20000004        0x0 load address 0x0800127c
 .jcr           0x20000004        0x0 /home/jeong/SW4STM32_workspace/gcc-arm-none-eabi-5_4-2016q3/bin/../lib/gcc/arm-none-eabi/5.4.1/armv7e-m/fpu/crtbegin.o

.igot.plt       0x20000004        0x0 load address 0x0800127c
 .igot.plt      0x20000004        0x0 /home/jeong/SW4STM32_workspace/gcc-arm-none-eabi-5_4-2016q3/bin/../lib/gcc/arm-none-eabi/5.4.1/armv7e-m/fpu/crtbegin.o

.ccmram         0x10000000        0x0 load address 0x0800127c
                0x10000000                . = ALIGN (0x4)
                0x10000000                _sccmram = .
 *(.ccmram)
 *(.ccmram*)
                0x10000000                . = ALIGN (0x4)
                0x10000000                _eccmram = .
                0x10000000                . = ALIGN (0x4)

.bss            0x20000004       0x20
                0x20000004                _sbss = .
                0x20000004                __bss_start__ = _sbss
 *(.bss)
 .bss           0x20000004       0x1c /home/jeong/SW4STM32_workspace/gcc-arm-none-eabi-5_4-2016q3/bin/../lib/gcc/arm-none-eabi/5.4.1/armv7e-m/fpu/crtbegin.o
 *(.bss*)
 *(COMMON)
 COMMON         0x20000020        0x4 build/stm32f4xx_hal.o
                0x20000020                uwTick
                0x20000024                . = ALIGN (0x4)
                0x20000024                _ebss = .
                0x20000024                __bss_end__ = _ebss

._user_heap_stack
                0x20000024      0x604
                0x20000028                . = ALIGN (0x8)
 *fill*         0x20000024        0x4 
                [!provide]                PROVIDE (end, .)
                [!provide]                PROVIDE (_end, .)
                0x20000228                . = (. + _Min_Heap_Size)
 *fill*         0x20000028      0x200 
                0x20000628                . = (. + _Min_Stack_Size)
 *fill*         0x20000228      0x400 
                0x20000628                . = ALIGN (0x8)

/DISCARD/
 libc.a(*)
 libm.a(*)
 libgcc.a(*)

.ARM.attributes
                0x00000000       0x30
 *(.ARM.attributes)
 .ARM.attributes
                0x00000000       0x22 /home/jeong/SW4STM32_workspace/gcc-arm-none-eabi-5_4-2016q3/bin/../lib/gcc/arm-none-eabi/5.4.1/armv7e-m/fpu/crti.o
 .ARM.attributes
                0x00000022       0x34 /home/jeong/SW4STM32_workspace/gcc-arm-none-eabi-5_4-2016q3/bin/../lib/gcc/arm-none-eabi/5.4.1/armv7e-m/fpu/crtbegin.o
 .ARM.attributes
                0x00000056       0x39 build/main.o
 .ARM.attributes
                0x0000008f       0x39 build/stm32f4xx_hal_msp.o
 .ARM.attributes
                0x000000c8       0x39 build/stm32f4xx_hal_rcc.o
 .ARM.attributes
                0x00000101       0x39 build/stm32f4xx_hal_cortex.o
 .ARM.attributes
                0x0000013a       0x39 build/stm32f4xx_hal.o
 .ARM.attributes
                0x00000173       0x39 build/stm32f4xx_it.o
 .ARM.attributes
                0x000001ac       0x39 build/system_stm32f4xx.o
 .ARM.attributes
                0x000001e5       0x39 build/stm32f4xx_hal_gpio.o
 .ARM.attributes
                0x0000021e       0x21 build/startup_stm32f407xx.o
 .ARM.attributes
                0x0000023f       0x34 /home/jeong/SW4STM32_workspace/gcc-arm-none-eabi-5_4-2016q3/bin/../lib/gcc/arm-none-eabi/5.4.1/../../../../arm-none-eabi/lib/armv7e-m/fpu/libc_nano.a(lib_a-init.o)
 .ARM.attributes
                0x00000273       0x22 /home/jeong/SW4STM32_workspace/gcc-arm-none-eabi-5_4-2016q3/bin/../lib/gcc/arm-none-eabi/5.4.1/armv7e-m/fpu/libgcc.a(_aeabi_uldivmod.o)
 .ARM.attributes
                0x00000295       0x34 /home/jeong/SW4STM32_workspace/gcc-arm-none-eabi-5_4-2016q3/bin/../lib/gcc/arm-none-eabi/5.4.1/armv7e-m/fpu/libgcc.a(_udivmoddi4.o)
 .ARM.attributes
                0x000002c9       0x22 /home/jeong/SW4STM32_workspace/gcc-arm-none-eabi-5_4-2016q3/bin/../lib/gcc/arm-none-eabi/5.4.1/armv7e-m/fpu/libgcc.a(_dvmd_tls.o)
 .ARM.attributes
                0x000002eb       0x22 /home/jeong/SW4STM32_workspace/gcc-arm-none-eabi-5_4-2016q3/bin/../lib/gcc/arm-none-eabi/5.4.1/armv7e-m/fpu/crtn.o
OUTPUT(build/STM32F407_make.elf elf32-littlearm)

.debug_info     0x00000000     0x4387
 .debug_info    0x00000000      0xca4 build/main.o
 .debug_info    0x00000ca4      0x3ed build/stm32f4xx_hal_msp.o
 .debug_info    0x00001091      0xb00 build/stm32f4xx_hal_rcc.o
 .debug_info    0x00001b91      0xfed build/stm32f4xx_hal_cortex.o
 .debug_info    0x00002b7e      0x969 build/stm32f4xx_hal.o
 .debug_info    0x000034e7       0xfa build/stm32f4xx_it.o
 .debug_info    0x000035e1      0x57a build/system_stm32f4xx.o
 .debug_info    0x00003b5b      0x7c4 build/stm32f4xx_hal_gpio.o
 .debug_info    0x0000431f       0x68 build/startup_stm32f407xx.o

.debug_abbrev   0x00000000      0xe2a
 .debug_abbrev  0x00000000      0x1ec build/main.o
 .debug_abbrev  0x000001ec       0xc5 build/stm32f4xx_hal_msp.o
 .debug_abbrev  0x000002b1      0x285 build/stm32f4xx_hal_rcc.o
 .debug_abbrev  0x00000536      0x316 build/stm32f4xx_hal_cortex.o
 .debug_abbrev  0x0000084c      0x224 build/stm32f4xx_hal.o
 .debug_abbrev  0x00000a70       0x9d build/stm32f4xx_it.o
 .debug_abbrev  0x00000b0d      0x106 build/system_stm32f4xx.o
 .debug_abbrev  0x00000c13      0x205 build/stm32f4xx_hal_gpio.o
 .debug_abbrev  0x00000e18       0x12 build/startup_stm32f407xx.o

.debug_loc      0x00000000     0x128c
 .debug_loc     0x00000000       0xb2 build/main.o
 .debug_loc     0x000000b2       0x20 build/stm32f4xx_hal_msp.o
 .debug_loc     0x000000d2      0x574 build/stm32f4xx_hal_rcc.o
 .debug_loc     0x00000646      0x5c0 build/stm32f4xx_hal_cortex.o
 .debug_loc     0x00000c06      0x101 build/stm32f4xx_hal.o
 .debug_loc     0x00000d07       0x20 build/stm32f4xx_it.o
 .debug_loc     0x00000d27      0x132 build/system_stm32f4xx.o
 .debug_loc     0x00000e59      0x433 build/stm32f4xx_hal_gpio.o

.debug_aranges  0x00000000      0x318
 .debug_aranges
                0x00000000       0x38 build/main.o
 .debug_aranges
                0x00000038       0x20 build/stm32f4xx_hal_msp.o
 .debug_aranges
                0x00000058       0x88 build/stm32f4xx_hal_rcc.o
 .debug_aranges
                0x000000e0       0xa8 build/stm32f4xx_hal_cortex.o
 .debug_aranges
                0x00000188       0xc8 build/stm32f4xx_hal.o
 .debug_aranges
                0x00000250       0x20 build/stm32f4xx_it.o
 .debug_aranges
                0x00000270       0x28 build/system_stm32f4xx.o
 .debug_aranges
                0x00000298       0x58 build/stm32f4xx_hal_gpio.o
 .debug_aranges
                0x000002f0       0x28 build/startup_stm32f407xx.o

.debug_ranges   0x00000000      0x290
 .debug_ranges  0x00000000       0x28 build/main.o
 .debug_ranges  0x00000028       0x10 build/stm32f4xx_hal_msp.o
 .debug_ranges  0x00000038       0x78 build/stm32f4xx_hal_rcc.o
 .debug_ranges  0x000000b0       0x98 build/stm32f4xx_hal_cortex.o
 .debug_ranges  0x00000148       0xb8 build/stm32f4xx_hal.o
 .debug_ranges  0x00000200       0x10 build/stm32f4xx_it.o
 .debug_ranges  0x00000210       0x18 build/system_stm32f4xx.o
 .debug_ranges  0x00000228       0x48 build/stm32f4xx_hal_gpio.o
 .debug_ranges  0x00000270       0x20 build/startup_stm32f407xx.o

.debug_macro    0x00000000     0x1828
 .debug_macro   0x00000000      0x2ef build/main.o
 .debug_macro   0x000002ef      0x2eb build/stm32f4xx_hal_msp.o
 .debug_macro   0x000005da      0x30f build/stm32f4xx_hal_rcc.o
 .debug_macro   0x000008e9      0x2eb build/stm32f4xx_hal_cortex.o
 .debug_macro   0x00000bd4      0x34b build/stm32f4xx_hal.o
 .debug_macro   0x00000f1f      0x2f5 build/stm32f4xx_it.o
 .debug_macro   0x00001214      0x2f1 build/system_stm32f4xx.o
 .debug_macro   0x00001505      0x323 build/stm32f4xx_hal_gpio.o

.debug_line     0x00000000     0x373b
 .debug_line    0x00000000      0x65f build/main.o
 .debug_line    0x0000065f      0x5ce build/stm32f4xx_hal_msp.o
 .debug_line    0x00000c2d      0x84a build/stm32f4xx_hal_rcc.o
 .debug_line    0x00001477      0x7d5 build/stm32f4xx_hal_cortex.o
 .debug_line    0x00001c4c      0x766 build/stm32f4xx_hal.o
 .debug_line    0x000023b2      0x5d5 build/stm32f4xx_it.o
 .debug_line    0x00002987      0x5f1 build/system_stm32f4xx.o
 .debug_line    0x00002f78      0x74f build/stm32f4xx_hal_gpio.o
 .debug_line    0x000036c7       0x74 build/startup_stm32f407xx.o

.debug_str      0x00000000    0xb97cc
 .debug_str     0x00000000    0xb89f6 build/main.o
                              0xb8cd9 (size before relaxing)
 .debug_str     0x000b89f6       0x41 build/stm32f4xx_hal_msp.o
                              0xb8939 (size before relaxing)
 .debug_str     0x000b8a37      0x28d build/stm32f4xx_hal_rcc.o
                              0xb89f4 (size before relaxing)
 .debug_str     0x000b8cc4      0x3d4 build/stm32f4xx_hal_cortex.o
                              0xb8e84 (size before relaxing)
 .debug_str     0x000b9098      0x4bf build/stm32f4xx_hal.o
                              0xb908a (size before relaxing)
 .debug_str     0x000b9557       0x35 build/stm32f4xx_it.o
                              0xb844d (size before relaxing)
 .debug_str     0x000b958c       0x57 build/system_stm32f4xx.o
                              0xb85ff (size before relaxing)
 .debug_str     0x000b95e3      0x1e9 build/stm32f4xx_hal_gpio.o
                              0xb8817 (size before relaxing)

.comment        0x00000000       0x6e
 .comment       0x00000000       0x6e build/main.o
                                 0x6f (size before relaxing)
 .comment       0x0000006e       0x6f build/stm32f4xx_hal_msp.o
 .comment       0x0000006e       0x6f build/stm32f4xx_hal_rcc.o
 .comment       0x0000006e       0x6f build/stm32f4xx_hal_cortex.o
 .comment       0x0000006e       0x6f build/stm32f4xx_hal.o
 .comment       0x0000006e       0x6f build/stm32f4xx_it.o
 .comment       0x0000006e       0x6f build/system_stm32f4xx.o
 .comment       0x0000006e       0x6f build/stm32f4xx_hal_gpio.o

.debug_frame    0x00000000      0x71c
 .debug_frame   0x00000000       0x94 build/main.o
 .debug_frame   0x00000094       0x2c build/stm32f4xx_hal_msp.o
 .debug_frame   0x000000c0      0x194 build/stm32f4xx_hal_rcc.o
 .debug_frame   0x00000254      0x164 build/stm32f4xx_hal_cortex.o
 .debug_frame   0x000003b8      0x1a8 build/stm32f4xx_hal.o
 .debug_frame   0x00000560       0x2c build/stm32f4xx_it.o
 .debug_frame   0x0000058c       0x30 build/system_stm32f4xx.o
 .debug_frame   0x000005bc       0xd4 build/stm32f4xx_hal_gpio.o
 .debug_frame   0x00000690       0x2c /home/jeong/SW4STM32_workspace/gcc-arm-none-eabi-5_4-2016q3/bin/../lib/gcc/arm-none-eabi/5.4.1/../../../../arm-none-eabi/lib/armv7e-m/fpu/libc_nano.a(lib_a-init.o)
 .debug_frame   0x000006bc       0x2c /home/jeong/SW4STM32_workspace/gcc-arm-none-eabi-5_4-2016q3/bin/../lib/gcc/arm-none-eabi/5.4.1/armv7e-m/fpu/libgcc.a(_aeabi_uldivmod.o)
 .debug_frame   0x000006e8       0x34 /home/jeong/SW4STM32_workspace/gcc-arm-none-eabi-5_4-2016q3/bin/../lib/gcc/arm-none-eabi/5.4.1/armv7e-m/fpu/libgcc.a(_udivmoddi4.o)

Cross Reference Table

Symbol                                            File
ADC_IRQHandler                                    build/startup_stm32f407xx.o
AHBPrescTable                                     build/system_stm32f4xx.o
                                                  build/stm32f4xx_hal_rcc.o
APBPrescTable                                     build/system_stm32f4xx.o
                                                  build/stm32f4xx_hal_rcc.o
BusFault_Handler                                  build/startup_stm32f407xx.o
CAN1_RX0_IRQHandler                               build/startup_stm32f407xx.o
CAN1_RX1_IRQHandler                               build/startup_stm32f407xx.o
CAN1_SCE_IRQHandler                               build/startup_stm32f407xx.o
CAN1_TX_IRQHandler                                build/startup_stm32f407xx.o
CAN2_RX0_IRQHandler                               build/startup_stm32f407xx.o
CAN2_RX1_IRQHandler                               build/startup_stm32f407xx.o
CAN2_SCE_IRQHandler                               build/startup_stm32f407xx.o
CAN2_TX_IRQHandler                                build/startup_stm32f407xx.o
DCMI_IRQHandler                                   build/startup_stm32f407xx.o
DMA1_Stream0_IRQHandler                           build/startup_stm32f407xx.o
DMA1_Stream1_IRQHandler                           build/startup_stm32f407xx.o
DMA1_Stream2_IRQHandler                           build/startup_stm32f407xx.o
DMA1_Stream3_IRQHandler                           build/startup_stm32f407xx.o
DMA1_Stream4_IRQHandler                           build/startup_stm32f407xx.o
DMA1_Stream5_IRQHandler                           build/startup_stm32f407xx.o
DMA1_Stream6_IRQHandler                           build/startup_stm32f407xx.o
DMA1_Stream7_IRQHandler                           build/startup_stm32f407xx.o
DMA2_Stream0_IRQHandler                           build/startup_stm32f407xx.o
DMA2_Stream1_IRQHandler                           build/startup_stm32f407xx.o
DMA2_Stream2_IRQHandler                           build/startup_stm32f407xx.o
DMA2_Stream3_IRQHandler                           build/startup_stm32f407xx.o
DMA2_Stream4_IRQHandler                           build/startup_stm32f407xx.o
DMA2_Stream5_IRQHandler                           build/startup_stm32f407xx.o
DMA2_Stream6_IRQHandler                           build/startup_stm32f407xx.o
DMA2_Stream7_IRQHandler                           build/startup_stm32f407xx.o
DebugMon_Handler                                  build/startup_stm32f407xx.o
Default_Handler                                   build/startup_stm32f407xx.o
ETH_IRQHandler                                    build/startup_stm32f407xx.o
ETH_WKUP_IRQHandler                               build/startup_stm32f407xx.o
EXTI0_IRQHandler                                  build/startup_stm32f407xx.o
EXTI15_10_IRQHandler                              build/startup_stm32f407xx.o
EXTI1_IRQHandler                                  build/startup_stm32f407xx.o
EXTI2_IRQHandler                                  build/startup_stm32f407xx.o
EXTI3_IRQHandler                                  build/startup_stm32f407xx.o
EXTI4_IRQHandler                                  build/startup_stm32f407xx.o
EXTI9_5_IRQHandler                                build/startup_stm32f407xx.o
FLASH_Erase_Sector                                build/stm32f4xx_hal_flash_ex.o
                                                  build/stm32f4xx_hal_flash.o
FLASH_FlushCaches                                 build/stm32f4xx_hal_flash_ex.o
                                                  build/stm32f4xx_hal_flash.o
FLASH_IRQHandler                                  build/startup_stm32f407xx.o
FLASH_WaitForLastOperation                        build/stm32f4xx_hal_flash.o
                                                  build/stm32f4xx_hal_flash_ex.o
FPU_IRQHandler                                    build/startup_stm32f407xx.o
FSMC_IRQHandler                                   build/startup_stm32f407xx.o
HAL_DBGMCU_DisableDBGSleepMode                    build/stm32f4xx_hal.o
HAL_DBGMCU_DisableDBGStandbyMode                  build/stm32f4xx_hal.o
HAL_DBGMCU_DisableDBGStopMode                     build/stm32f4xx_hal.o
HAL_DBGMCU_EnableDBGSleepMode                     build/stm32f4xx_hal.o
HAL_DBGMCU_EnableDBGStandbyMode                   build/stm32f4xx_hal.o
HAL_DBGMCU_EnableDBGStopMode                      build/stm32f4xx_hal.o
HAL_DMAEx_ChangeMemory                            build/stm32f4xx_hal_dma_ex.o
HAL_DMAEx_MultiBufferStart                        build/stm32f4xx_hal_dma_ex.o
HAL_DMAEx_MultiBufferStart_IT                     build/stm32f4xx_hal_dma_ex.o
HAL_DMA_Abort                                     build/stm32f4xx_hal_dma.o
HAL_DMA_Abort_IT                                  build/stm32f4xx_hal_dma.o
HAL_DMA_DeInit                                    build/stm32f4xx_hal_dma.o
HAL_DMA_GetError                                  build/stm32f4xx_hal_dma.o
HAL_DMA_GetState                                  build/stm32f4xx_hal_dma.o
HAL_DMA_IRQHandler                                build/stm32f4xx_hal_dma.o
HAL_DMA_Init                                      build/stm32f4xx_hal_dma.o
HAL_DMA_PollForTransfer                           build/stm32f4xx_hal_dma.o
HAL_DMA_RegisterCallback                          build/stm32f4xx_hal_dma.o
HAL_DMA_Start                                     build/stm32f4xx_hal_dma.o
HAL_DMA_Start_IT                                  build/stm32f4xx_hal_dma.o
HAL_DMA_UnRegisterCallback                        build/stm32f4xx_hal_dma.o
HAL_DeInit                                        build/stm32f4xx_hal.o
HAL_Delay                                         build/stm32f4xx_hal.o
HAL_DisableCompensationCell                       build/stm32f4xx_hal.o
HAL_EnableCompensationCell                        build/stm32f4xx_hal.o
HAL_FLASHEx_Erase                                 build/stm32f4xx_hal_flash_ex.o
HAL_FLASHEx_Erase_IT                              build/stm32f4xx_hal_flash_ex.o
HAL_FLASHEx_OBGetConfig                           build/stm32f4xx_hal_flash_ex.o
HAL_FLASHEx_OBProgram                             build/stm32f4xx_hal_flash_ex.o
HAL_FLASH_EndOfOperationCallback                  build/stm32f4xx_hal_flash.o
HAL_FLASH_GetError                                build/stm32f4xx_hal_flash.o
HAL_FLASH_IRQHandler                              build/stm32f4xx_hal_flash.o
HAL_FLASH_Lock                                    build/stm32f4xx_hal_flash.o
HAL_FLASH_OB_Launch                               build/stm32f4xx_hal_flash.o
HAL_FLASH_OB_Lock                                 build/stm32f4xx_hal_flash.o
HAL_FLASH_OB_Unlock                               build/stm32f4xx_hal_flash.o
HAL_FLASH_OperationErrorCallback                  build/stm32f4xx_hal_flash.o
HAL_FLASH_Program                                 build/stm32f4xx_hal_flash.o
HAL_FLASH_Program_IT                              build/stm32f4xx_hal_flash.o
HAL_FLASH_Unlock                                  build/stm32f4xx_hal_flash.o
HAL_GPIO_DeInit                                   build/stm32f4xx_hal_gpio.o
HAL_GPIO_EXTI_Callback                            build/stm32f4xx_hal_gpio.o
HAL_GPIO_EXTI_IRQHandler                          build/stm32f4xx_hal_gpio.o
HAL_GPIO_Init                                     build/stm32f4xx_hal_gpio.o
                                                  build/stm32f4xx_hal_rcc.o
                                                  build/main.o
HAL_GPIO_LockPin                                  build/stm32f4xx_hal_gpio.o
HAL_GPIO_ReadPin                                  build/stm32f4xx_hal_gpio.o
HAL_GPIO_TogglePin                                build/stm32f4xx_hal_gpio.o
HAL_GPIO_WritePin                                 build/stm32f4xx_hal_gpio.o
                                                  build/main.o
HAL_GetDEVID                                      build/stm32f4xx_hal.o
HAL_GetHalVersion                                 build/stm32f4xx_hal.o
HAL_GetREVID                                      build/stm32f4xx_hal.o
HAL_GetTick                                       build/stm32f4xx_hal.o
                                                  build/stm32f4xx_hal_flash.o
                                                  build/stm32f4xx_hal_pwr_ex.o
                                                  build/stm32f4xx_hal_dma.o
                                                  build/stm32f4xx_hal_rcc.o
                                                  build/stm32f4xx_hal_rcc_ex.o
HAL_GetUID                                        build/stm32f4xx_hal.o
HAL_IncTick                                       build/stm32f4xx_hal.o
                                                  build/stm32f4xx_it.o
HAL_Init                                          build/stm32f4xx_hal.o
                                                  build/main.o
HAL_InitTick                                      build/stm32f4xx_hal.o
                                                  build/stm32f4xx_hal_rcc.o
                                                  build/stm32f4xx_hal_rcc_ex.o
HAL_MPU_ConfigRegion                              build/stm32f4xx_hal_cortex.o
HAL_MPU_Disable                                   build/stm32f4xx_hal_cortex.o
HAL_MPU_Enable                                    build/stm32f4xx_hal_cortex.o
HAL_MspDeInit                                     build/stm32f4xx_hal.o
HAL_MspInit                                       build/stm32f4xx_hal_msp.o
HAL_NVIC_ClearPendingIRQ                          build/stm32f4xx_hal_cortex.o
HAL_NVIC_DisableIRQ                               build/stm32f4xx_hal_cortex.o
HAL_NVIC_EnableIRQ                                build/stm32f4xx_hal_cortex.o
HAL_NVIC_GetActive                                build/stm32f4xx_hal_cortex.o
HAL_NVIC_GetPendingIRQ                            build/stm32f4xx_hal_cortex.o
HAL_NVIC_GetPriority                              build/stm32f4xx_hal_cortex.o
HAL_NVIC_GetPriorityGrouping                      build/stm32f4xx_hal_cortex.o
HAL_NVIC_SetPendingIRQ                            build/stm32f4xx_hal_cortex.o
HAL_NVIC_SetPriority                              build/stm32f4xx_hal_cortex.o
                                                  build/stm32f4xx_hal.o
                                                  build/stm32f4xx_hal_msp.o
                                                  build/main.o
HAL_NVIC_SetPriorityGrouping                      build/stm32f4xx_hal_cortex.o
                                                  build/stm32f4xx_hal.o
                                                  build/stm32f4xx_hal_msp.o
HAL_NVIC_SystemReset                              build/stm32f4xx_hal_cortex.o
HAL_PWREx_ControlVoltageScaling                   build/stm32f4xx_hal_pwr_ex.o
HAL_PWREx_DisableBkUpReg                          build/stm32f4xx_hal_pwr_ex.o
HAL_PWREx_DisableFlashPowerDown                   build/stm32f4xx_hal_pwr_ex.o
HAL_PWREx_EnableBkUpReg                           build/stm32f4xx_hal_pwr_ex.o
HAL_PWREx_EnableFlashPowerDown                    build/stm32f4xx_hal_pwr_ex.o
HAL_PWREx_GetVoltageRange                         build/stm32f4xx_hal_pwr_ex.o
HAL_PWR_ConfigPVD                                 build/stm32f4xx_hal_pwr.o
HAL_PWR_DeInit                                    build/stm32f4xx_hal_pwr.o
HAL_PWR_DisableBkUpAccess                         build/stm32f4xx_hal_pwr.o
HAL_PWR_DisablePVD                                build/stm32f4xx_hal_pwr.o
HAL_PWR_DisableSEVOnPend                          build/stm32f4xx_hal_pwr.o
HAL_PWR_DisableSleepOnExit                        build/stm32f4xx_hal_pwr.o
HAL_PWR_DisableWakeUpPin                          build/stm32f4xx_hal_pwr.o
HAL_PWR_EnableBkUpAccess                          build/stm32f4xx_hal_pwr.o
HAL_PWR_EnablePVD                                 build/stm32f4xx_hal_pwr.o
HAL_PWR_EnableSEVOnPend                           build/stm32f4xx_hal_pwr.o
HAL_PWR_EnableSleepOnExit                         build/stm32f4xx_hal_pwr.o
HAL_PWR_EnableWakeUpPin                           build/stm32f4xx_hal_pwr.o
HAL_PWR_EnterSLEEPMode                            build/stm32f4xx_hal_pwr.o
HAL_PWR_EnterSTANDBYMode                          build/stm32f4xx_hal_pwr.o
HAL_PWR_EnterSTOPMode                             build/stm32f4xx_hal_pwr.o
HAL_PWR_PVDCallback                               build/stm32f4xx_hal_pwr.o
HAL_PWR_PVD_IRQHandler                            build/stm32f4xx_hal_pwr.o
HAL_RCCEx_GetPeriphCLKConfig                      build/stm32f4xx_hal_rcc_ex.o
HAL_RCCEx_GetPeriphCLKFreq                        build/stm32f4xx_hal_rcc_ex.o
HAL_RCCEx_PeriphCLKConfig                         build/stm32f4xx_hal_rcc_ex.o
HAL_RCC_CSSCallback                               build/stm32f4xx_hal_rcc.o
HAL_RCC_ClockConfig                               build/stm32f4xx_hal_rcc.o
                                                  build/main.o
HAL_RCC_DeInit                                    build/stm32f4xx_hal_rcc_ex.o
HAL_RCC_DisableCSS                                build/stm32f4xx_hal_rcc.o
HAL_RCC_EnableCSS                                 build/stm32f4xx_hal_rcc.o
HAL_RCC_GetClockConfig                            build/stm32f4xx_hal_rcc.o
HAL_RCC_GetHCLKFreq                               build/stm32f4xx_hal_rcc.o
                                                  build/main.o
HAL_RCC_GetOscConfig                              build/stm32f4xx_hal_rcc.o
HAL_RCC_GetPCLK1Freq                              build/stm32f4xx_hal_rcc.o
HAL_RCC_GetPCLK2Freq                              build/stm32f4xx_hal_rcc.o
HAL_RCC_GetSysClockFreq                           build/stm32f4xx_hal_rcc.o
HAL_RCC_MCOConfig                                 build/stm32f4xx_hal_rcc.o
HAL_RCC_NMI_IRQHandler                            build/stm32f4xx_hal_rcc.o
HAL_RCC_OscConfig                                 build/stm32f4xx_hal_rcc.o
                                                  build/main.o
HAL_ResumeTick                                    build/stm32f4xx_hal.o
HAL_SYSTICK_CLKSourceConfig                       build/stm32f4xx_hal_cortex.o
                                                  build/main.o
HAL_SYSTICK_Callback                              build/stm32f4xx_hal_cortex.o
HAL_SYSTICK_Config                                build/stm32f4xx_hal_cortex.o
                                                  build/stm32f4xx_hal.o
                                                  build/main.o
HAL_SYSTICK_IRQHandler                            build/stm32f4xx_hal_cortex.o
                                                  build/stm32f4xx_it.o
HAL_SuspendTick                                   build/stm32f4xx_hal.o
HASH_RNG_IRQHandler                               build/startup_stm32f407xx.o
HardFault_Handler                                 build/startup_stm32f407xx.o
I2C1_ER_IRQHandler                                build/startup_stm32f407xx.o
I2C1_EV_IRQHandler                                build/startup_stm32f407xx.o
I2C2_ER_IRQHandler                                build/startup_stm32f407xx.o
I2C2_EV_IRQHandler                                build/startup_stm32f407xx.o
I2C3_ER_IRQHandler                                build/startup_stm32f407xx.o
I2C3_EV_IRQHandler                                build/startup_stm32f407xx.o
MemManage_Handler                                 build/startup_stm32f407xx.o
NMI_Handler                                       build/startup_stm32f407xx.o
OTG_FS_IRQHandler                                 build/startup_stm32f407xx.o
OTG_FS_WKUP_IRQHandler                            build/startup_stm32f407xx.o
OTG_HS_EP1_IN_IRQHandler                          build/startup_stm32f407xx.o
OTG_HS_EP1_OUT_IRQHandler                         build/startup_stm32f407xx.o
OTG_HS_IRQHandler                                 build/startup_stm32f407xx.o
OTG_HS_WKUP_IRQHandler                            build/startup_stm32f407xx.o
PVD_IRQHandler                                    build/startup_stm32f407xx.o
PendSV_Handler                                    build/startup_stm32f407xx.o
RCC_IRQHandler                                    build/startup_stm32f407xx.o
RTC_Alarm_IRQHandler                              build/startup_stm32f407xx.o
RTC_WKUP_IRQHandler                               build/startup_stm32f407xx.o
Reset_Handler                                     build/startup_stm32f407xx.o
SDIO_IRQHandler                                   build/startup_stm32f407xx.o
SPI1_IRQHandler                                   build/startup_stm32f407xx.o
SPI2_IRQHandler                                   build/startup_stm32f407xx.o
SPI3_IRQHandler                                   build/startup_stm32f407xx.o
SVC_Handler                                       build/startup_stm32f407xx.o
SysTick_Handler                                   build/stm32f4xx_it.o
SystemClock_Config                                build/main.o
SystemCoreClock                                   build/system_stm32f4xx.o
                                                  build/stm32f4xx_hal.o
                                                  build/stm32f4xx_hal_dma.o
                                                  build/stm32f4xx_hal_rcc.o
                                                  build/stm32f4xx_hal_rcc_ex.o
SystemCoreClockUpdate                             build/system_stm32f4xx.o
SystemInit                                        build/system_stm32f4xx.o
                                                  build/startup_stm32f407xx.o
TAMP_STAMP_IRQHandler                             build/startup_stm32f407xx.o
TIM1_BRK_TIM9_IRQHandler                          build/startup_stm32f407xx.o
TIM1_CC_IRQHandler                                build/startup_stm32f407xx.o
TIM1_TRG_COM_TIM11_IRQHandler                     build/startup_stm32f407xx.o
TIM1_UP_TIM10_IRQHandler                          build/startup_stm32f407xx.o
TIM2_IRQHandler                                   build/startup_stm32f407xx.o
TIM3_IRQHandler                                   build/startup_stm32f407xx.o
TIM4_IRQHandler                                   build/startup_stm32f407xx.o
TIM5_IRQHandler                                   build/startup_stm32f407xx.o
TIM6_DAC_IRQHandler                               build/startup_stm32f407xx.o
TIM7_IRQHandler                                   build/startup_stm32f407xx.o
TIM8_BRK_TIM12_IRQHandler                         build/startup_stm32f407xx.o
TIM8_CC_IRQHandler                                build/startup_stm32f407xx.o
TIM8_TRG_COM_TIM14_IRQHandler                     build/startup_stm32f407xx.o
TIM8_UP_TIM13_IRQHandler                          build/startup_stm32f407xx.o
UART4_IRQHandler                                  build/startup_stm32f407xx.o
UART5_IRQHandler                                  build/startup_stm32f407xx.o
USART1_IRQHandler                                 build/startup_stm32f407xx.o
USART2_IRQHandler                                 build/startup_stm32f407xx.o
USART3_IRQHandler                                 build/startup_stm32f407xx.o
USART6_IRQHandler                                 build/startup_stm32f407xx.o
UsageFault_Handler                                build/startup_stm32f407xx.o
WWDG_IRQHandler                                   build/startup_stm32f407xx.o
_Error_Handler                                    build/main.o
_Jv_RegisterClasses                               /home/jeong/SW4STM32_workspace/gcc-arm-none-eabi-5_4-2016q3/bin/../lib/gcc/arm-none-eabi/5.4.1/armv7e-m/fpu/crtbegin.o
__aeabi_idiv0                                     /home/jeong/SW4STM32_workspace/gcc-arm-none-eabi-5_4-2016q3/bin/../lib/gcc/arm-none-eabi/5.4.1/armv7e-m/fpu/libgcc.a(_dvmd_tls.o)
__aeabi_ldiv0                                     /home/jeong/SW4STM32_workspace/gcc-arm-none-eabi-5_4-2016q3/bin/../lib/gcc/arm-none-eabi/5.4.1/armv7e-m/fpu/libgcc.a(_dvmd_tls.o)
                                                  /home/jeong/SW4STM32_workspace/gcc-arm-none-eabi-5_4-2016q3/bin/../lib/gcc/arm-none-eabi/5.4.1/armv7e-m/fpu/libgcc.a(_aeabi_uldivmod.o)
__aeabi_uldivmod                                  /home/jeong/SW4STM32_workspace/gcc-arm-none-eabi-5_4-2016q3/bin/../lib/gcc/arm-none-eabi/5.4.1/armv7e-m/fpu/libgcc.a(_aeabi_uldivmod.o)
                                                  build/stm32f4xx_hal_rcc.o
__bss_end__                                       /home/jeong/SW4STM32_workspace/gcc-arm-none-eabi-5_4-2016q3/bin/../lib/gcc/arm-none-eabi/5.4.1/../../../../arm-none-eabi/lib/armv7e-m/fpu/crt0.o
__bss_start__                                     /home/jeong/SW4STM32_workspace/gcc-arm-none-eabi-5_4-2016q3/bin/../lib/gcc/arm-none-eabi/5.4.1/../../../../arm-none-eabi/lib/armv7e-m/fpu/crt0.o
__call_exitprocs                                  /home/jeong/SW4STM32_workspace/gcc-arm-none-eabi-5_4-2016q3/bin/../lib/gcc/arm-none-eabi/5.4.1/../../../../arm-none-eabi/lib/armv7e-m/fpu/libc_nano.a(lib_a-exit.o)
__deregister_frame_info                           /home/jeong/SW4STM32_workspace/gcc-arm-none-eabi-5_4-2016q3/bin/../lib/gcc/arm-none-eabi/5.4.1/armv7e-m/fpu/crtbegin.o
__dso_handle                                      /home/jeong/SW4STM32_workspace/gcc-arm-none-eabi-5_4-2016q3/bin/../lib/gcc/arm-none-eabi/5.4.1/armv7e-m/fpu/crtbegin.o
__init_array_end                                  /home/jeong/SW4STM32_workspace/gcc-arm-none-eabi-5_4-2016q3/bin/../lib/gcc/arm-none-eabi/5.4.1/../../../../arm-none-eabi/lib/armv7e-m/fpu/libc_nano.a(lib_a-init.o)
__init_array_start                                /home/jeong/SW4STM32_workspace/gcc-arm-none-eabi-5_4-2016q3/bin/../lib/gcc/arm-none-eabi/5.4.1/../../../../arm-none-eabi/lib/armv7e-m/fpu/libc_nano.a(lib_a-init.o)
__libc_fini_array                                 /home/jeong/SW4STM32_workspace/gcc-arm-none-eabi-5_4-2016q3/bin/../lib/gcc/arm-none-eabi/5.4.1/../../../../arm-none-eabi/lib/armv7e-m/fpu/crt0.o
__libc_init_array                                 /home/jeong/SW4STM32_workspace/gcc-arm-none-eabi-5_4-2016q3/bin/../lib/gcc/arm-none-eabi/5.4.1/../../../../arm-none-eabi/lib/armv7e-m/fpu/libc_nano.a(lib_a-init.o)
                                                  build/startup_stm32f407xx.o
                                                  /home/jeong/SW4STM32_workspace/gcc-arm-none-eabi-5_4-2016q3/bin/../lib/gcc/arm-none-eabi/5.4.1/../../../../arm-none-eabi/lib/armv7e-m/fpu/crt0.o
__preinit_array_end                               /home/jeong/SW4STM32_workspace/gcc-arm-none-eabi-5_4-2016q3/bin/../lib/gcc/arm-none-eabi/5.4.1/../../../../arm-none-eabi/lib/armv7e-m/fpu/libc_nano.a(lib_a-init.o)
__preinit_array_start                             /home/jeong/SW4STM32_workspace/gcc-arm-none-eabi-5_4-2016q3/bin/../lib/gcc/arm-none-eabi/5.4.1/../../../../arm-none-eabi/lib/armv7e-m/fpu/libc_nano.a(lib_a-init.o)
__register_frame_info                             /home/jeong/SW4STM32_workspace/gcc-arm-none-eabi-5_4-2016q3/bin/../lib/gcc/arm-none-eabi/5.4.1/armv7e-m/fpu/crtbegin.o
__sf_fake_stderr                                  /home/jeong/SW4STM32_workspace/gcc-arm-none-eabi-5_4-2016q3/bin/../lib/gcc/arm-none-eabi/5.4.1/../../../../arm-none-eabi/lib/armv7e-m/fpu/libc_nano.a(lib_a-impure.o)
__sf_fake_stdin                                   /home/jeong/SW4STM32_workspace/gcc-arm-none-eabi-5_4-2016q3/bin/../lib/gcc/arm-none-eabi/5.4.1/../../../../arm-none-eabi/lib/armv7e-m/fpu/libc_nano.a(lib_a-impure.o)
__sf_fake_stdout                                  /home/jeong/SW4STM32_workspace/gcc-arm-none-eabi-5_4-2016q3/bin/../lib/gcc/arm-none-eabi/5.4.1/../../../../arm-none-eabi/lib/armv7e-m/fpu/libc_nano.a(lib_a-impure.o)
__stack                                           /home/jeong/SW4STM32_workspace/gcc-arm-none-eabi-5_4-2016q3/bin/../lib/gcc/arm-none-eabi/5.4.1/../../../../arm-none-eabi/lib/armv7e-m/fpu/crt0.o
__udivmoddi4                                      /home/jeong/SW4STM32_workspace/gcc-arm-none-eabi-5_4-2016q3/bin/../lib/gcc/arm-none-eabi/5.4.1/armv7e-m/fpu/libgcc.a(_udivmoddi4.o)
                                                  /home/jeong/SW4STM32_workspace/gcc-arm-none-eabi-5_4-2016q3/bin/../lib/gcc/arm-none-eabi/5.4.1/armv7e-m/fpu/libgcc.a(_aeabi_uldivmod.o)
_ebss                                             build/startup_stm32f407xx.o
_edata                                            build/startup_stm32f407xx.o
_estack                                           build/startup_stm32f407xx.o
_exit                                             /home/jeong/SW4STM32_workspace/gcc-arm-none-eabi-5_4-2016q3/bin/../lib/gcc/arm-none-eabi/5.4.1/../../../../arm-none-eabi/lib/armv7e-m/fpu/libnosys.a(_exit.o)
                                                  /home/jeong/SW4STM32_workspace/gcc-arm-none-eabi-5_4-2016q3/bin/../lib/gcc/arm-none-eabi/5.4.1/../../../../arm-none-eabi/lib/armv7e-m/fpu/libc_nano.a(lib_a-exit.o)
_fini                                             /home/jeong/SW4STM32_workspace/gcc-arm-none-eabi-5_4-2016q3/bin/../lib/gcc/arm-none-eabi/5.4.1/armv7e-m/fpu/crti.o
_global_impure_ptr                                /home/jeong/SW4STM32_workspace/gcc-arm-none-eabi-5_4-2016q3/bin/../lib/gcc/arm-none-eabi/5.4.1/../../../../arm-none-eabi/lib/armv7e-m/fpu/libc_nano.a(lib_a-impure.o)
                                                  /home/jeong/SW4STM32_workspace/gcc-arm-none-eabi-5_4-2016q3/bin/../lib/gcc/arm-none-eabi/5.4.1/../../../../arm-none-eabi/lib/armv7e-m/fpu/libc_nano.a(lib_a-exit.o)
_impure_ptr                                       /home/jeong/SW4STM32_workspace/gcc-arm-none-eabi-5_4-2016q3/bin/../lib/gcc/arm-none-eabi/5.4.1/../../../../arm-none-eabi/lib/armv7e-m/fpu/libc_nano.a(lib_a-impure.o)
_init                                             /home/jeong/SW4STM32_workspace/gcc-arm-none-eabi-5_4-2016q3/bin/../lib/gcc/arm-none-eabi/5.4.1/armv7e-m/fpu/crti.o
                                                  /home/jeong/SW4STM32_workspace/gcc-arm-none-eabi-5_4-2016q3/bin/../lib/gcc/arm-none-eabi/5.4.1/../../../../arm-none-eabi/lib/armv7e-m/fpu/libc_nano.a(lib_a-init.o)
_mainCRTStartup                                   /home/jeong/SW4STM32_workspace/gcc-arm-none-eabi-5_4-2016q3/bin/../lib/gcc/arm-none-eabi/5.4.1/../../../../arm-none-eabi/lib/armv7e-m/fpu/crt0.o
_sbss                                             build/startup_stm32f407xx.o
_sdata                                            build/startup_stm32f407xx.o
_sidata                                           build/startup_stm32f407xx.o
_start                                            /home/jeong/SW4STM32_workspace/gcc-arm-none-eabi-5_4-2016q3/bin/../lib/gcc/arm-none-eabi/5.4.1/../../../../arm-none-eabi/lib/armv7e-m/fpu/crt0.o
atexit                                            /home/jeong/SW4STM32_workspace/gcc-arm-none-eabi-5_4-2016q3/bin/../lib/gcc/arm-none-eabi/5.4.1/../../../../arm-none-eabi/lib/armv7e-m/fpu/crt0.o
exit                                              /home/jeong/SW4STM32_workspace/gcc-arm-none-eabi-5_4-2016q3/bin/../lib/gcc/arm-none-eabi/5.4.1/../../../../arm-none-eabi/lib/armv7e-m/fpu/libc_nano.a(lib_a-exit.o)
                                                  /home/jeong/SW4STM32_workspace/gcc-arm-none-eabi-5_4-2016q3/bin/../lib/gcc/arm-none-eabi/5.4.1/../../../../arm-none-eabi/lib/armv7e-m/fpu/crt0.o
g_pfnVectors                                      build/startup_stm32f407xx.o
hardware_init_hook                                /home/jeong/SW4STM32_workspace/gcc-arm-none-eabi-5_4-2016q3/bin/../lib/gcc/arm-none-eabi/5.4.1/../../../../arm-none-eabi/lib/armv7e-m/fpu/crt0.o
main                                              build/main.o
                                                  build/startup_stm32f407xx.o
                                                  /home/jeong/SW4STM32_workspace/gcc-arm-none-eabi-5_4-2016q3/bin/../lib/gcc/arm-none-eabi/5.4.1/../../../../arm-none-eabi/lib/armv7e-m/fpu/crt0.o
memset                                            /home/jeong/SW4STM32_workspace/gcc-arm-none-eabi-5_4-2016q3/bin/../lib/gcc/arm-none-eabi/5.4.1/../../../../arm-none-eabi/lib/armv7e-m/fpu/libc_nano.a(lib_a-memset.o)
                                                  /home/jeong/SW4STM32_workspace/gcc-arm-none-eabi-5_4-2016q3/bin/../lib/gcc/arm-none-eabi/5.4.1/../../../../arm-none-eabi/lib/armv7e-m/fpu/crt0.o
pFlash                                            build/stm32f4xx_hal_flash.o
                                                  build/stm32f4xx_hal_flash_ex.o
software_init_hook                                /home/jeong/SW4STM32_workspace/gcc-arm-none-eabi-5_4-2016q3/bin/../lib/gcc/arm-none-eabi/5.4.1/../../../../arm-none-eabi/lib/armv7e-m/fpu/crt0.o
uwTick                                            build/stm32f4xx_hal.o
